Archive member included to satisfy reference by file (symbol)

T:/Downloads/xpack-riscv-none-elf-gcc-14.2.0-3-win32-x64/xpack-riscv-none-elf-gcc-14.2.0-3/bin/../lib/gcc/riscv-none-elf/14.2.0/rv32imc/ilp32\libgcc.a(_udivdi3.o)
                              CMakeFiles/mik_build.dir/mik32_hal_main/core/Source/mik32_hal_scr1_timer.c.obj (__udivdi3)
T:/Downloads/xpack-riscv-none-elf-gcc-14.2.0-3-win32-x64/xpack-riscv-none-elf-gcc-14.2.0-3/bin/../lib/gcc/riscv-none-elf/14.2.0/rv32imc/ilp32\libgcc.a(_clz.o)
                              T:/Downloads/xpack-riscv-none-elf-gcc-14.2.0-3-win32-x64/xpack-riscv-none-elf-gcc-14.2.0-3/bin/../lib/gcc/riscv-none-elf/14.2.0/rv32imc/ilp32\libgcc.a(_udivdi3.o) (__clz_tab)
T:/Downloads/xpack-riscv-none-elf-gcc-14.2.0-3-win32-x64/xpack-riscv-none-elf-gcc-14.2.0-3/bin/../lib/gcc/riscv-none-elf/14.2.0/../../../../riscv-none-elf/lib/rv32imc/ilp32\libg_nano.a(libc_a-memset.o)
                              CMakeFiles/mik_build.dir/mik32_hal_main/utilities/Source/mik32_hal_ssd1306.c.obj (memset)

Discarded input sections

 .data          0x00000000        0x0 T:/Downloads/xpack-riscv-none-elf-gcc-14.2.0-3-win32-x64/xpack-riscv-none-elf-gcc-14.2.0-3/bin/../lib/gcc/riscv-none-elf/14.2.0/../../../../riscv-none-elf/lib/crt0.o
 .bss           0x00000000        0x0 T:/Downloads/xpack-riscv-none-elf-gcc-14.2.0-3-win32-x64/xpack-riscv-none-elf-gcc-14.2.0-3/bin/../lib/gcc/riscv-none-elf/14.2.0/../../../../riscv-none-elf/lib/crt0.o
 .text          0x00000000        0x0 T:/Downloads/xpack-riscv-none-elf-gcc-14.2.0-3-win32-x64/xpack-riscv-none-elf-gcc-14.2.0-3/bin/../lib/gcc/riscv-none-elf/14.2.0/rv32imc/ilp32/crtbegin.o
 .data          0x00000000        0x0 T:/Downloads/xpack-riscv-none-elf-gcc-14.2.0-3-win32-x64/xpack-riscv-none-elf-gcc-14.2.0-3/bin/../lib/gcc/riscv-none-elf/14.2.0/rv32imc/ilp32/crtbegin.o
 .bss           0x00000000        0x0 T:/Downloads/xpack-riscv-none-elf-gcc-14.2.0-3-win32-x64/xpack-riscv-none-elf-gcc-14.2.0-3/bin/../lib/gcc/riscv-none-elf/14.2.0/rv32imc/ilp32/crtbegin.o
 .eh_frame      0x00000000        0x0 T:/Downloads/xpack-riscv-none-elf-gcc-14.2.0-3-win32-x64/xpack-riscv-none-elf-gcc-14.2.0-3/bin/../lib/gcc/riscv-none-elf/14.2.0/rv32imc/ilp32/crtbegin.o
 .sdata.__dso_handle
                0x00000000        0x4 T:/Downloads/xpack-riscv-none-elf-gcc-14.2.0-3-win32-x64/xpack-riscv-none-elf-gcc-14.2.0-3/bin/../lib/gcc/riscv-none-elf/14.2.0/rv32imc/ilp32/crtbegin.o
 .text.__do_global_dtors_aux
                0x00000000       0x46 T:/Downloads/xpack-riscv-none-elf-gcc-14.2.0-3-win32-x64/xpack-riscv-none-elf-gcc-14.2.0-3/bin/../lib/gcc/riscv-none-elf/14.2.0/rv32imc/ilp32/crtbegin.o
 .fini_array    0x00000000        0x4 T:/Downloads/xpack-riscv-none-elf-gcc-14.2.0-3-win32-x64/xpack-riscv-none-elf-gcc-14.2.0-3/bin/../lib/gcc/riscv-none-elf/14.2.0/rv32imc/ilp32/crtbegin.o
 .text.frame_dummy
                0x00000000       0x24 T:/Downloads/xpack-riscv-none-elf-gcc-14.2.0-3-win32-x64/xpack-riscv-none-elf-gcc-14.2.0-3/bin/../lib/gcc/riscv-none-elf/14.2.0/rv32imc/ilp32/crtbegin.o
 .init_array    0x00000000        0x4 T:/Downloads/xpack-riscv-none-elf-gcc-14.2.0-3-win32-x64/xpack-riscv-none-elf-gcc-14.2.0-3/bin/../lib/gcc/riscv-none-elf/14.2.0/rv32imc/ilp32/crtbegin.o
 .sbss.completed.1
                0x00000000        0x1 T:/Downloads/xpack-riscv-none-elf-gcc-14.2.0-3-win32-x64/xpack-riscv-none-elf-gcc-14.2.0-3/bin/../lib/gcc/riscv-none-elf/14.2.0/rv32imc/ilp32/crtbegin.o
 .bss.object.0  0x00000000       0x18 T:/Downloads/xpack-riscv-none-elf-gcc-14.2.0-3-win32-x64/xpack-riscv-none-elf-gcc-14.2.0-3/bin/../lib/gcc/riscv-none-elf/14.2.0/rv32imc/ilp32/crtbegin.o
 .comment       0x00000000       0x34 T:/Downloads/xpack-riscv-none-elf-gcc-14.2.0-3-win32-x64/xpack-riscv-none-elf-gcc-14.2.0-3/bin/../lib/gcc/riscv-none-elf/14.2.0/rv32imc/ilp32/crtbegin.o
 .note.GNU-stack
                0x00000000        0x0 T:/Downloads/xpack-riscv-none-elf-gcc-14.2.0-3-win32-x64/xpack-riscv-none-elf-gcc-14.2.0-3/bin/../lib/gcc/riscv-none-elf/14.2.0/rv32imc/ilp32/crtbegin.o
 .riscv.attributes
                0x00000000       0x2f T:/Downloads/xpack-riscv-none-elf-gcc-14.2.0-3-win32-x64/xpack-riscv-none-elf-gcc-14.2.0-3/bin/../lib/gcc/riscv-none-elf/14.2.0/rv32imc/ilp32/crtbegin.o
 .group         0x00000000        0xc CMakeFiles/mik_build.dir/src/main.c.obj
 .group         0x00000000        0xc CMakeFiles/mik_build.dir/src/main.c.obj
 .group         0x00000000        0xc CMakeFiles/mik_build.dir/src/main.c.obj
 .group         0x00000000        0xc CMakeFiles/mik_build.dir/src/main.c.obj
 .group         0x00000000        0xc CMakeFiles/mik_build.dir/src/main.c.obj
 .group         0x00000000        0xc CMakeFiles/mik_build.dir/src/main.c.obj
 .group         0x00000000        0xc CMakeFiles/mik_build.dir/src/main.c.obj
 .group         0x00000000        0xc CMakeFiles/mik_build.dir/src/main.c.obj
 .group         0x00000000        0xc CMakeFiles/mik_build.dir/src/main.c.obj
[...]
Memory Configuration

Name             Origin             Length             Attributes
spifi            0x80000000         0x80000000         xr
ram              0x02000000         0x00004000         xrw
*default*        0x00000000         0xffffffff

Linker script and memory map

LOAD T:/Downloads/xpack-riscv-none-elf-gcc-14.2.0-3-win32-x64/xpack-riscv-none-elf-gcc-14.2.0-3/bin/../lib/gcc/riscv-none-elf/14.2.0/../../../../riscv-none-elf/lib/crt0.o
LOAD T:/Downloads/xpack-riscv-none-elf-gcc-14.2.0-3-win32-x64/xpack-riscv-none-elf-gcc-14.2.0-3/bin/../lib/gcc/riscv-none-elf/14.2.0/rv32imc/ilp32/crtbegin.o
START GROUP
LOAD T:/Downloads/xpack-riscv-none-elf-gcc-14.2.0-3-win32-x64/xpack-riscv-none-elf-gcc-14.2.0-3/bin/../lib/gcc/riscv-none-elf/14.2.0/../../../../riscv-none-elf/lib/rv32imc/ilp32\libc_nano.a
LOAD T:/Downloads/xpack-riscv-none-elf-gcc-14.2.0-3-win32-x64/xpack-riscv-none-elf-gcc-14.2.0-3/bin/../lib/gcc/riscv-none-elf/14.2.0/../../../../riscv-none-elf/lib/rv32imc/ilp32\libm_nano.a
LOAD T:/Downloads/xpack-riscv-none-elf-gcc-14.2.0-3-win32-x64/xpack-riscv-none-elf-gcc-14.2.0-3/bin/../lib/gcc/riscv-none-elf/14.2.0/../../../../riscv-none-elf/lib/rv32imc/ilp32\libstdc++_nano.a
LOAD T:/Downloads/xpack-riscv-none-elf-gcc-14.2.0-3-win32-x64/xpack-riscv-none-elf-gcc-14.2.0-3/bin/../lib/gcc/riscv-none-elf/14.2.0/../../../../riscv-none-elf/lib/rv32imc/ilp32\libsupc++_nano.a
END GROUP
LOAD CMakeFiles/mik_build.dir/src/main.c.obj
LOAD CMakeFiles/mik_build.dir/mik32_hal_main/core/Source/mik32_hal_scr1_timer.c.obj
LOAD CMakeFiles/mik_build.dir/mik32_hal_main/peripherals/Source/mik32_hal.c.obj
LOAD CMakeFiles/mik_build.dir/mik32_hal_main/peripherals/Source/mik32_hal_adc.c.obj
LOAD CMakeFiles/mik_build.dir/mik32_hal_main/peripherals/Source/mik32_hal_crc32.c.obj
LOAD CMakeFiles/mik_build.dir/mik32_hal_main/peripherals/Source/mik32_hal_crypto.c.obj
LOAD CMakeFiles/mik_build.dir/mik32_hal_main/peripherals/Source/mik32_hal_dac.c.obj
LOAD CMakeFiles/mik_build.dir/mik32_hal_main/peripherals/Source/mik32_hal_dma.c.obj
LOAD CMakeFiles/mik_build.dir/mik32_hal_main/peripherals/Source/mik32_hal_eeprom.c.obj
LOAD CMakeFiles/mik_build.dir/mik32_hal_main/peripherals/Source/mik32_hal_gpio.c.obj
LOAD CMakeFiles/mik_build.dir/mik32_hal_main/peripherals/Source/mik32_hal_i2c.c.obj
LOAD CMakeFiles/mik_build.dir/mik32_hal_main/peripherals/Source/mik32_hal_irq.c.obj
LOAD CMakeFiles/mik_build.dir/mik32_hal_main/peripherals/Source/mik32_hal_otp.c.obj
LOAD CMakeFiles/mik_build.dir/mik32_hal_main/peripherals/Source/mik32_hal_pcc.c.obj
LOAD CMakeFiles/mik_build.dir/mik32_hal_main/peripherals/Source/mik32_hal_rtc.c.obj
LOAD CMakeFiles/mik_build.dir/mik32_hal_main/peripherals/Source/mik32_hal_spi.c.obj
LOAD CMakeFiles/mik_build.dir/mik32_hal_main/peripherals/Source/mik32_hal_spifi.c.obj
LOAD CMakeFiles/mik_build.dir/mik32_hal_main/peripherals/Source/mik32_hal_timer16.c.obj
LOAD CMakeFiles/mik_build.dir/mik32_hal_main/peripherals/Source/mik32_hal_timer32.c.obj
LOAD CMakeFiles/mik_build.dir/mik32_hal_main/peripherals/Source/mik32_hal_tsens.c.obj
LOAD CMakeFiles/mik_build.dir/mik32_hal_main/peripherals/Source/mik32_hal_usart.c.obj
LOAD CMakeFiles/mik_build.dir/mik32_hal_main/peripherals/Source/mik32_hal_wdt.c.obj
LOAD CMakeFiles/mik_build.dir/mik32_hal_main/utilities/Source/mik32_hal_spifi_psram.c.obj
LOAD CMakeFiles/mik_build.dir/mik32_hal_main/utilities/Source/mik32_hal_spifi_w25.c.obj
LOAD CMakeFiles/mik_build.dir/mik32_hal_main/utilities/Source/mik32_hal_ssd1306.c.obj
LOAD CMakeFiles/mik_build.dir/shared/libs/dma_lib.c.obj
LOAD CMakeFiles/mik_build.dir/shared/libs/rtc_lib.c.obj
LOAD CMakeFiles/mik_build.dir/shared/libs/spi_lib.c.obj
LOAD CMakeFiles/mik_build.dir/shared/libs/uart_lib.c.obj
LOAD CMakeFiles/mik_build.dir/shared/libs/xprintf.c.obj
LOAD T:/Downloads/xpack-riscv-none-elf-gcc-14.2.0-3-win32-x64/xpack-riscv-none-elf-gcc-14.2.0-3/bin/../lib/gcc/riscv-none-elf/14.2.0/rv32imc/ilp32\libgcc.a
LOAD T:/Downloads/xpack-riscv-none-elf-gcc-14.2.0-3-win32-x64/xpack-riscv-none-elf-gcc-14.2.0-3/bin/../lib/gcc/riscv-none-elf/14.2.0/../../../../riscv-none-elf/lib/rv32imc/ilp32\libg_nano.a
LOAD T:/Downloads/xpack-riscv-none-elf-gcc-14.2.0-3-win32-x64/xpack-riscv-none-elf-gcc-14.2.0-3/bin/../lib/gcc/riscv-none-elf/14.2.0/../../../../riscv-none-elf/lib/rv32imc/ilp32\libc_nano.a
LOAD T:/Downloads/xpack-riscv-none-elf-gcc-14.2.0-3-win32-x64/xpack-riscv-none-elf-gcc-14.2.0-3/bin/../lib/gcc/riscv-none-elf/14.2.0/rv32imc/ilp32\libgcc.a
START GROUP
LOAD T:/Downloads/xpack-riscv-none-elf-gcc-14.2.0-3-win32-x64/xpack-riscv-none-elf-gcc-14.2.0-3/bin/../lib/gcc/riscv-none-elf/14.2.0/rv32imc/ilp32\libgcc.a
LOAD T:/Downloads/xpack-riscv-none-elf-gcc-14.2.0-3-win32-x64/xpack-riscv-none-elf-gcc-14.2.0-3/bin/../lib/gcc/riscv-none-elf/14.2.0/../../../../riscv-none-elf/lib/rv32imc/ilp32\libc_nano.a
LOAD T:/Downloads/xpack-riscv-none-elf-gcc-14.2.0-3-win32-x64/xpack-riscv-none-elf-gcc-14.2.0-3/bin/../lib/gcc/riscv-none-elf/14.2.0/../../../../riscv-none-elf/lib/rv32imc/ilp32\libgloss_nano.a
END GROUP
LOAD T:/Downloads/xpack-riscv-none-elf-gcc-14.2.0-3-win32-x64/xpack-riscv-none-elf-gcc-14.2.0-3/bin/../lib/gcc/riscv-none-elf/14.2.0/rv32imc/ilp32/crtend.o
                0x00000400                        __stack_size = DEFINED (__stack_size)?__stack_size:0x400
                0x00000004                        SECTION_ALIGNMENT = 0x4

.startup        0x80000000       0xb8
 *crt0.o(.text .text.*)
 .text          0x80000000       0xb8 T:/Downloads/xpack-riscv-none-elf-gcc-14.2.0-3-win32-x64/xpack-riscv-none-elf-gcc-14.2.0-3/bin/../lib/gcc/riscv-none-elf/14.2.0/../../../../riscv-none-elf/lib/crt0.o
                0x80000000                _start
                0x800000b6                SystemInit
                0x800000b6                SmallSystemInit

.ram_text       0x02000000      0x230 load address 0x800000b8
                0x02000000                        PROVIDE (__RAM_TEXT_START__ = .)
 *(.small_ram_text)
                0x020000c0                        . = (ORIGIN (REGION_RAM) + 0xc0)
 *fill*         0x02000000       0xc0 
                0x020000c0                        PROVIDE (__TRAP_TEXT_START__ = .)
 *crt0.o(.trap_text)
 .trap_text     0x020000c0       0x98 T:/Downloads/xpack-riscv-none-elf-gcc-14.2.0-3-win32-x64/xpack-riscv-none-elf-gcc-14.2.0-3/bin/../lib/gcc/riscv-none-elf/14.2.0/../../../../riscv-none-elf/lib/crt0.o
                0x020000c0                trap_entry
                0x020000c4                raw_trap_handler
                0x02000156                trap_handler
 *(.trap_text)
 *(.ram_text)
 .ram_text      0x02000158       0xd8 CMakeFiles/mik_build.dir/mik32_hal_main/peripherals/Source/mik32_hal.c.obj
                0x02000158                HAL_ProgramDelayMs
                0x020001c4                HAL_ProgramDelayUs
                0x02000230                        . = ALIGN (0x4)
                [!provide]                        PROVIDE (__RAM_TEXT_END__ = .)
                0x800000b8                        __RAM_TEXT_IMAGE_START__ = LOADADDR (.ram_text)
                0x800002e8                        __RAM_TEXT_IMAGE_END__ = (LOADADDR (.ram_text) + SIZEOF (.ram_text))
                0x00000001                        ASSERT ((__RAM_TEXT_IMAGE_END__ < (ORIGIN (REGION_TEXT) + LENGTH (REGION_TEXT))), REGION_TEXT segment overflows)

.text           0x800002e8      0x928
                [!provide]                        PROVIDE (__TEXT_START__ = .)
 *(.text.SmallSystemInit)
 *(.text)
 *(.text.*)
 .text.main     0x800002e8       0x28 CMakeFiles/mik_build.dir/src/main.c.obj
                0x800002e8                main
 .text.SystemClock_Config
                0x80000310       0x80 CMakeFiles/mik_build.dir/src/main.c.obj
                0x80000310                SystemClock_Config
 .text.GPIO_Init
                0x80000390       0x5c CMakeFiles/mik_build.dir/src/main.c.obj
                0x80000390                GPIO_Init
 .text.HAL_DelayMs
                0x800003ec       0x22 CMakeFiles/mik_build.dir/mik32_hal_main/peripherals/Source/mik32_hal.c.obj
                0x800003ec                HAL_DelayMs
 .text.HAL_GPIO_Init
                0x8000040e      0x1ec CMakeFiles/mik_build.dir/mik32_hal_main/peripherals/Source/mik32_hal_gpio.c.obj
                0x8000040e                HAL_GPIO_Init
 .text.HAL_GPIO_TogglePin
                0x800005fa       0x2c CMakeFiles/mik_build.dir/mik32_hal_main/peripherals/Source/mik32_hal_gpio.c.obj
                0x800005fa                HAL_GPIO_TogglePin
 .text.HAL_PCC_FreqMonRefSet
                0x80000626       0xee CMakeFiles/mik_build.dir/mik32_hal_main/peripherals/Source/mik32_hal_pcc.c.obj
                0x80000626                HAL_PCC_FreqMonRefSet
 .text.HAL_PCC_SetOscSystem
                0x80000714      0x108 CMakeFiles/mik_build.dir/mik32_hal_main/peripherals/Source/mik32_hal_pcc.c.obj
                0x80000714                HAL_PCC_SetOscSystem
 .text.HAL_PCC_RTCClock
                0x8000081c       0xfe CMakeFiles/mik_build.dir/mik32_hal_main/peripherals/Source/mik32_hal_pcc.c.obj
                0x8000081c                HAL_PCC_RTCClock
 .text.HAL_PCC_CPURTCClock
                0x8000091a       0xa6 CMakeFiles/mik_build.dir/mik32_hal_main/peripherals/Source/mik32_hal_pcc.c.obj
                0x8000091a                HAL_PCC_CPURTCClock
 .text.HAL_PCC_DividerAHB
                0x800009c0       0x20 CMakeFiles/mik_build.dir/mik32_hal_main/peripherals/Source/mik32_hal_pcc.c.obj
                0x800009c0                HAL_PCC_DividerAHB
 .text.HAL_PCC_DividerAPB_M
                0x800009e0       0x20 CMakeFiles/mik_build.dir/mik32_hal_main/peripherals/Source/mik32_hal_pcc.c.obj
                0x800009e0                HAL_PCC_DividerAPB_M
 .text.HAL_PCC_DividerAPB_P
                0x80000a00       0x20 CMakeFiles/mik_build.dir/mik32_hal_main/peripherals/Source/mik32_hal_pcc.c.obj
                0x80000a00                HAL_PCC_DividerAPB_P
 .text.HAL_PCC_Config
                0x80000a20      0x17e CMakeFiles/mik_build.dir/mik32_hal_main/peripherals/Source/mik32_hal_pcc.c.obj
                0x80000a20                HAL_PCC_Config
 .text.HAL_PCC_GetSysClockFreq
                0x80000b9e       0x70 CMakeFiles/mik_build.dir/mik32_hal_main/peripherals/Source/mik32_hal_pcc.c.obj
                0x80000b9e                HAL_PCC_GetSysClockFreq
 *(.gnu.linkonce.t.*)
 *(.rodata)
 *(.rodata.*)
 *(.gnu.linkonce.r.*)
                0x80000c10                        . = ALIGN (0x4)
 *fill*         0x80000c0e        0x2 
                [!provide]                        PROVIDE (__TEXT_END__ = .)

.rela.dyn       0x80000c10        0x0
 .rela.text     0x80000c10        0x0 T:/Downloads/xpack-riscv-none-elf-gcc-14.2.0-3-win32-x64/xpack-riscv-none-elf-gcc-14.2.0-3/bin/../lib/gcc/riscv-none-elf/14.2.0/../../../../riscv-none-elf/lib/crt0.o
 .rela.trap_text
                0x80000c10        0x0 T:/Downloads/xpack-riscv-none-elf-gcc-14.2.0-3-win32-x64/xpack-riscv-none-elf-gcc-14.2.0-3/bin/../lib/gcc/riscv-none-elf/14.2.0/../../../../riscv-none-elf/lib/crt0.o

.tdata          0x02000230        0x0 load address 0x80000c10
                [!provide]                        PROVIDE (_tls_data = .)
                [!provide]                        PROVIDE (_tdata_start = .)
 *(.tdata .tdata.*)
 *(.gnu.linkonce.td.*)
                0x02000230                        . = ALIGN (0x4)
                [!provide]                        PROVIDE (_tdata_end = .)

.tbss           0x02000230        0x0 load address 0x80000c10
                [!provide]                        PROVIDE (_tbss_start = .)
 *(.tbss .tbss.*)
 *(.gnu.linkonce.tb.*)
                0x02000230                        . = ALIGN (0x4)
                [!provide]                        PROVIDE (_tbss_end = .)
                0x80000c10                        __TDATA_IMAGE_START__ = LOADADDR (.tdata)
                0x80000c10                        __TDATA_IMAGE_END__ = (LOADADDR (.tdata) + SIZEOF (.tdata))

.data           0x02000230        0x0 load address 0x80000c10
                0x02000230                        PROVIDE (__DATA_START__ = .)
 *(.data .data.*)
 *(.gnu.linkonce.d.*)
                0x02000230                        . = ALIGN (0x4)
                [!provide]                        PROVIDE (__DATA_END__ = .)

.sdata          0x02000230        0x0 load address 0x80000c10
                0x02000230                        PROVIDE (__SDATA_START__ = .)
 *(.sdata .sdata.* .sdata2.* .gnu.linkonce.s.*)

.srodata        0x02000230        0x0 load address 0x80000c10
                [!provide]                        PROVIDE (__SRODATA_START__ = .)
 *(.srodata.cst16)
 *(.srodata.cst8)
 *(.srodata.cst4)
 *(.srodata.cst2)
 *(.srodata*)
                0x80000c10                        __DATA_IMAGE_START__ = LOADADDR (.data)
                0x80000c10                        __DATA_IMAGE_END__ = (LOADADDR (.srodata) + SIZEOF (.srodata))

.sbss           0x02000230        0x0 load address 0x80000c10
                0x02000230                        PROVIDE (__SBSS_START__ = .)
 *(.sbss .sbss.*)
 *(.gnu.linkonce.sb.*)
 *(.scommon)
                0x02000230                        . = ALIGN (0x4)
                [!provide]                        PROVIDE (__SBSS_END__ = .)

.bss            0x02000230        0x0 load address 0x80000c10
                [!provide]                        PROVIDE (__BSS_START__ = .)
 *(.bss .bss.*)
 *(.gnu.linkonce.b.*)
 *(COMMON)
                0x02000230                        . = ALIGN (0x4)
                0x02000230                        PROVIDE (__BSS_END__ = .)
                0x02000a10                        __global_pointer$ = MIN ((__SDATA_START__ + 0x7e0), MAX ((__DATA_START__ + 0x7e0), (__BSS_END__ - 0x7e0)))
                0x00000001                        ASSERT ((__BSS_END__ < ((ORIGIN (REGION_RAM) + LENGTH (REGION_RAM)) - __stack_size)), REGION_RAM section overflows)
                [!provide]                        PROVIDE (_end = .)
                [!provide]                        PROVIDE (__end = .)
                [!provide]                        PROVIDE (end = .)

.stack          0x02003c00      0x400
                0x02003c00                        . = ALIGN (0x10)
                [!provide]                        PROVIDE (_heap_end = .)
                [!provide]                        PROVIDE (__STACK_START__ = .)
                0x00000400                        . = __stack_size
 *fill*         0x02003c00      0x400 
                0x02004000                        PROVIDE (__C_STACK_TOP__ = .)
                [!provide]                        PROVIDE (__STACK_END__ = .)

/DISCARD/
 *(.eh_frame .eh_frame.*)
OUTPUT(mik_build.elf elf32-littleriscv)

.riscv.attributes
                0x00000000       0x48
 .riscv.attributes
                0x00000000       0x46 T:/Downloads/xpack-riscv-none-elf-gcc-14.2.0-3-win32-x64/xpack-riscv-none-elf-gcc-14.2.0-3/bin/../lib/gcc/riscv-none-elf/14.2.0/../../../../riscv-none-elf/lib/crt0.o
 .riscv.attributes
                0x00000046       0x44 CMakeFiles/mik_build.dir/src/main.c.obj
 .riscv.attributes
                0x0000008a       0x44 CMakeFiles/mik_build.dir/mik32_hal_main/peripherals/Source/mik32_hal.c.obj
 .riscv.attributes
                0x000000ce       0x44 CMakeFiles/mik_build.dir/mik32_hal_main/peripherals/Source/mik32_hal_gpio.c.obj
 .riscv.attributes
                0x00000112       0x44 CMakeFiles/mik_build.dir/mik32_hal_main/peripherals/Source/mik32_hal_pcc.c.obj

.comment        0x00000000       0x33
 .comment       0x00000000       0x33 CMakeFiles/mik_build.dir/src/main.c.obj
                                 0x34 (size before relaxing)
 .comment       0x00000033       0x34 CMakeFiles/mik_build.dir/mik32_hal_main/peripherals/Source/mik32_hal.c.obj
 .comment       0x00000033       0x34 CMakeFiles/mik_build.dir/mik32_hal_main/peripherals/Source/mik32_hal_gpio.c.obj
 .comment       0x00000033       0x34 CMakeFiles/mik_build.dir/mik32_hal_main/peripherals/Source/mik32_hal_pcc.c.obj

.note.GNU-stack
                0x00000000        0x0
 .note.GNU-stack
                0x00000000        0x0 CMakeFiles/mik_build.dir/src/main.c.obj
 .note.GNU-stack
                0x00000000        0x0 CMakeFiles/mik_build.dir/mik32_hal_main/peripherals/Source/mik32_hal.c.obj
 .note.GNU-stack
                0x00000000        0x0 CMakeFiles/mik_build.dir/mik32_hal_main/peripherals/Source/mik32_hal_gpio.c.obj
 .note.GNU-stack
                0x00000000        0x0 CMakeFiles/mik_build.dir/mik32_hal_main/peripherals/Source/mik32_hal_pcc.c.obj

.debug_info     0x00000000     0x1b27
 .debug_info    0x00000000      0x669 CMakeFiles/mik_build.dir/src/main.c.obj
 .debug_info    0x00000669      0x296 CMakeFiles/mik_build.dir/mik32_hal_main/peripherals/Source/mik32_hal.c.obj
 .debug_info    0x000008ff      0xb2c CMakeFiles/mik_build.dir/mik32_hal_main/peripherals/Source/mik32_hal_gpio.c.obj
 .debug_info    0x0000142b      0x6fc CMakeFiles/mik_build.dir/mik32_hal_main/peripherals/Source/mik32_hal_pcc.c.obj

.debug_abbrev   0x00000000      0x652
 .debug_abbrev  0x00000000      0x19b CMakeFiles/mik_build.dir/src/main.c.obj
 .debug_abbrev  0x0000019b      0x128 CMakeFiles/mik_build.dir/mik32_hal_main/peripherals/Source/mik32_hal.c.obj
 .debug_abbrev  0x000002c3      0x1d1 CMakeFiles/mik_build.dir/mik32_hal_main/peripherals/Source/mik32_hal_gpio.c.obj
 .debug_abbrev  0x00000494      0x1be CMakeFiles/mik_build.dir/mik32_hal_main/peripherals/Source/mik32_hal_pcc.c.obj

.debug_aranges  0x00000000      0x160
 .debug_aranges
                0x00000000       0x30 CMakeFiles/mik_build.dir/src/main.c.obj
 .debug_aranges
                0x00000030       0x58 CMakeFiles/mik_build.dir/mik32_hal_main/peripherals/Source/mik32_hal.c.obj
 .debug_aranges
                0x00000088       0x68 CMakeFiles/mik_build.dir/mik32_hal_main/peripherals/Source/mik32_hal_gpio.c.obj
 .debug_aranges
                0x000000f0       0x70 CMakeFiles/mik_build.dir/mik32_hal_main/peripherals/Source/mik32_hal_pcc.c.obj

.debug_rnglists
                0x00000000       0xff
 .debug_rnglists
                0x00000000       0x20 CMakeFiles/mik_build.dir/src/main.c.obj
 .debug_rnglists
                0x00000020       0x3d CMakeFiles/mik_build.dir/mik32_hal_main/peripherals/Source/mik32_hal.c.obj
 .debug_rnglists
                0x0000005d       0x4c CMakeFiles/mik_build.dir/mik32_hal_main/peripherals/Source/mik32_hal_gpio.c.obj
 .debug_rnglists
                0x000000a9       0x56 CMakeFiles/mik_build.dir/mik32_hal_main/peripherals/Source/mik32_hal_pcc.c.obj

.debug_macro    0x00000000     0x21d0
 .debug_macro   0x00000000      0x123 CMakeFiles/mik_build.dir/src/main.c.obj
 .debug_macro   0x00000123      0x7c6 CMakeFiles/mik_build.dir/src/main.c.obj
 .debug_macro   0x000008e9       0x16 CMakeFiles/mik_build.dir/src/main.c.obj
 .debug_macro   0x000008ff      0x178 CMakeFiles/mik_build.dir/src/main.c.obj
 .debug_macro   0x00000a77       0x22 CMakeFiles/mik_build.dir/src/main.c.obj
 .debug_macro   0x00000a99       0x68 CMakeFiles/mik_build.dir/src/main.c.obj
 .debug_macro   0x00000b01       0x19 CMakeFiles/mik_build.dir/src/main.c.obj
 .debug_macro   0x00000b1a       0x94 CMakeFiles/mik_build.dir/src/main.c.obj
 .debug_macro   0x00000bae       0x3b CMakeFiles/mik_build.dir/src/main.c.obj
 .debug_macro   0x00000be9      0x103 CMakeFiles/mik_build.dir/src/main.c.obj
 .debug_macro   0x00000cec       0x3a CMakeFiles/mik_build.dir/src/main.c.obj
 .debug_macro   0x00000d26       0x57 CMakeFiles/mik_build.dir/src/main.c.obj
 .debug_macro   0x00000d7d       0x6a CMakeFiles/mik_build.dir/src/main.c.obj
 .debug_macro   0x00000de7      0x1df CMakeFiles/mik_build.dir/src/main.c.obj
 .debug_macro   0x00000fc6       0x89 CMakeFiles/mik_build.dir/src/main.c.obj
 .debug_macro   0x0000104f      0x4cc CMakeFiles/mik_build.dir/src/main.c.obj
 .debug_macro   0x0000151b      0x1e4 CMakeFiles/mik_build.dir/src/main.c.obj
 .debug_macro   0x000016ff      0x505 CMakeFiles/mik_build.dir/src/main.c.obj
 .debug_macro   0x00001c04      0x1cb CMakeFiles/mik_build.dir/src/main.c.obj
 .debug_macro   0x00001dcf       0x28 CMakeFiles/mik_build.dir/src/main.c.obj
 .debug_macro   0x00001df7       0x16 CMakeFiles/mik_build.dir/src/main.c.obj
 .debug_macro   0x00001e0d       0x34 CMakeFiles/mik_build.dir/src/main.c.obj
 .debug_macro   0x00001e41       0x1c CMakeFiles/mik_build.dir/src/main.c.obj
 .debug_macro   0x00001e5d       0x6a CMakeFiles/mik_build.dir/src/main.c.obj
 .debug_macro   0x00001ec7       0xf5 CMakeFiles/mik_build.dir/mik32_hal_main/peripherals/Source/mik32_hal.c.obj
 .debug_macro   0x00001fbc      0x11f CMakeFiles/mik_build.dir/mik32_hal_main/peripherals/Source/mik32_hal_gpio.c.obj
 .debug_macro   0x000020db       0xf5 CMakeFiles/mik_build.dir/mik32_hal_main/peripherals/Source/mik32_hal_pcc.c.obj

.debug_line     0x00000000     0x13f6
 .debug_line    0x00000000      0x1dc CMakeFiles/mik_build.dir/src/main.c.obj
 .debug_line    0x000001dc      0x26e CMakeFiles/mik_build.dir/mik32_hal_main/peripherals/Source/mik32_hal.c.obj
 .debug_line    0x0000044a      0x6b1 CMakeFiles/mik_build.dir/mik32_hal_main/peripherals/Source/mik32_hal_gpio.c.obj
 .debug_line    0x00000afb      0x8fb CMakeFiles/mik_build.dir/mik32_hal_main/peripherals/Source/mik32_hal_pcc.c.obj

.debug_str      0x00000000     0xb2c4
 .debug_str     0x00000000     0xb2c4 CMakeFiles/mik_build.dir/src/main.c.obj
                               0xa1c2 (size before relaxing)
 .debug_str     0x0000b2c4     0x96f7 CMakeFiles/mik_build.dir/mik32_hal_main/peripherals/Source/mik32_hal.c.obj
 .debug_str     0x0000b2c4     0xaf5e CMakeFiles/mik_build.dir/mik32_hal_main/peripherals/Source/mik32_hal_gpio.c.obj
 .debug_str     0x0000b2c4     0x9c89 CMakeFiles/mik_build.dir/mik32_hal_main/peripherals/Source/mik32_hal_pcc.c.obj

.debug_line_str
                0x00000000      0x4c3
 .debug_line_str
                0x00000000      0x4c3 CMakeFiles/mik_build.dir/src/main.c.obj
                                0x40b (size before relaxing)
 .debug_line_str
                0x000004c3      0x426 CMakeFiles/mik_build.dir/mik32_hal_main/peripherals/Source/mik32_hal.c.obj
 .debug_line_str
                0x000004c3      0x465 CMakeFiles/mik_build.dir/mik32_hal_main/peripherals/Source/mik32_hal_gpio.c.obj
 .debug_line_str
                0x000004c3      0x432 CMakeFiles/mik_build.dir/mik32_hal_main/peripherals/Source/mik32_hal_pcc.c.obj

.debug_frame    0x00000000      0x53c
 .debug_frame   0x00000000       0x7c CMakeFiles/mik_build.dir/src/main.c.obj
 .debug_frame   0x0000007c      0x158 CMakeFiles/mik_build.dir/mik32_hal_main/peripherals/Source/mik32_hal.c.obj
 .debug_frame   0x000001d4      0x1a0 CMakeFiles/mik_build.dir/mik32_hal_main/peripherals/Source/mik32_hal_gpio.c.obj
 .debug_frame   0x00000374      0x1c8 CMakeFiles/mik_build.dir/mik32_hal_main/peripherals/Source/mik32_hal_pcc.c.obj
