Archive member included to satisfy reference by file (symbol)

T:/Downloads/xpack-riscv-none-elf-gcc-14.2.0-3-win32-x64/xpack-riscv-none-elf-gcc-14.2.0-3/bin/../lib/gcc/riscv-none-elf/14.2.0/rv32imc/ilp32\libgcc.a(_udivdi3.o)
                              CMakeFiles/mik_build.dir/mik32_hal_main/core/Source/mik32_hal_scr1_timer.c.obj (__udivdi3)
T:/Downloads/xpack-riscv-none-elf-gcc-14.2.0-3-win32-x64/xpack-riscv-none-elf-gcc-14.2.0-3/bin/../lib/gcc/riscv-none-elf/14.2.0/rv32imc/ilp32\libgcc.a(_clz.o)
                              T:/Downloads/xpack-riscv-none-elf-gcc-14.2.0-3-win32-x64/xpack-riscv-none-elf-gcc-14.2.0-3/bin/../lib/gcc/riscv-none-elf/14.2.0/rv32imc/ilp32\libgcc.a(_udivdi3.o) (__clz_tab)
T:/Downloads/xpack-riscv-none-elf-gcc-14.2.0-3-win32-x64/xpack-riscv-none-elf-gcc-14.2.0-3/bin/../lib/gcc/riscv-none-elf/14.2.0/../../../../riscv-none-elf/lib/rv32imc/ilp32\libc_nano.a(libc_a-memset.o)
                              CMakeFiles/mik_build.dir/src/main.c.obj (memset)
T:/Downloads/xpack-riscv-none-elf-gcc-14.2.0-3-win32-x64/xpack-riscv-none-elf-gcc-14.2.0-3/bin/../lib/gcc/riscv-none-elf/14.2.0/../../../../riscv-none-elf/lib/rv32imc/ilp32\libc_nano.a(libc_a-strlen.o)
                              CMakeFiles/mik_build.dir/shared/libs/xprintf.c.obj (strlen)

Discarded input sections

 .data          0x00000000        0x0 T:/Downloads/xpack-riscv-none-elf-gcc-14.2.0-3-win32-x64/xpack-riscv-none-elf-gcc-14.2.0-3/bin/../lib/gcc/riscv-none-elf/14.2.0/../../../../riscv-none-elf/lib/crt0.o
 .bss           0x00000000        0x0 T:/Downloads/xpack-riscv-none-elf-gcc-14.2.0-3-win32-x64/xpack-riscv-none-elf-gcc-14.2.0-3/bin/../lib/gcc/riscv-none-elf/14.2.0/../../../../riscv-none-elf/lib/crt0.o
 .text          0x00000000        0x0 T:/Downloads/xpack-riscv-none-elf-gcc-14.2.0-3-win32-x64/xpack-riscv-none-elf-gcc-14.2.0-3/bin/../lib/gcc/riscv-none-elf/14.2.0/rv32imc/ilp32/crtbegin.o
 .data          0x00000000        0x0 T:/Downloads/xpack-riscv-none-elf-gcc-14.2.0-3-win32-x64/xpack-riscv-none-elf-gcc-14.2.0-3/bin/../lib/gcc/riscv-none-elf/14.2.0/rv32imc/ilp32/crtbegin.o
 .bss           0x00000000        0x0 T:/Downloads/xpack-riscv-none-elf-gcc-14.2.0-3-win32-x64/xpack-riscv-none-elf-gcc-14.2.0-3/bin/../lib/gcc/riscv-none-elf/14.2.0/rv32imc/ilp32/crtbegin.o
 .eh_frame      0x00000000        0x0 T:/Downloads/xpack-riscv-none-elf-gcc-14.2.0-3-win32-x64/xpack-riscv-none-elf-gcc-14.2.0-3/bin/../lib/gcc/riscv-none-elf/14.2.0/rv32imc/ilp32/crtbegin.o
 .sdata.__dso_handle
                0x00000000        0x4 T:/Downloads/xpack-riscv-none-elf-gcc-14.2.0-3-win32-x64/xpack-riscv-none-elf-gcc-14.2.0-3/bin/../lib/gcc/riscv-none-elf/14.2.0/rv32imc/ilp32/crtbegin.o
 .text.__do_global_dtors_aux
                0x00000000       0x46 T:/Downloads/xpack-riscv-none-elf-gcc-14.2.0-3-win32-x64/xpack-riscv-none-elf-gcc-14.2.0-3/bin/../lib/gcc/riscv-none-elf/14.2.0/rv32imc/ilp32/crtbegin.o
 .fini_array    0x00000000        0x4 T:/Downloads/xpack-riscv-none-elf-gcc-14.2.0-3-win32-x64/xpack-riscv-none-elf-gcc-14.2.0-3/bin/../lib/gcc/riscv-none-elf/14.2.0/rv32imc/ilp32/crtbegin.o
 .text.frame_dummy
                0x00000000       0x24 T:/Downloads/xpack-riscv-none-elf-gcc-14.2.0-3-win32-x64/xpack-riscv-none-elf-gcc-14.2.0-3/bin/../lib/gcc/riscv-none-elf/14.2.0/rv32imc/ilp32/crtbegin.o
 .init_array    0x00000000        0x4 T:/Downloads/xpack-riscv-none-elf-gcc-14.2.0-3-win32-x64/xpack-riscv-none-elf-gcc-14.2.0-3/bin/../lib/gcc/riscv-none-elf/14.2.0/rv32imc/ilp32/crtbegin.o
 .sbss.completed.1
                0x00000000        0x1 T:/Downloads/xpack-riscv-none-elf-gcc-14.2.0-3-win32-x64/xpack-riscv-none-elf-gcc-14.2.0-3/bin/../lib/gcc/riscv-none-elf/14.2.0/rv32imc/ilp32/crtbegin.o
 .bss.object.0  0x00000000       0x18 T:/Downloads/xpack-riscv-none-elf-gcc-14.2.0-3-win32-x64/xpack-riscv-none-elf-gcc-14.2.0-3/bin/../lib/gcc/riscv-none-elf/14.2.0/rv32imc/ilp32/crtbegin.o
 .comment       0x00000000       0x34 T:/Downloads/xpack-riscv-none-elf-gcc-14.2.0-3-win32-x64/xpack-riscv-none-elf-gcc-14.2.0-3/bin/../lib/gcc/riscv-none-elf/14.2.0/rv32imc/ilp32/crtbegin.o
 .note.GNU-stack
                0x00000000        0x0 T:/Downloads/xpack-riscv-none-elf-gcc-14.2.0-3-win32-x64/xpack-riscv-none-elf-gcc-14.2.0-3/bin/../lib/gcc/riscv-none-elf/14.2.0/rv32imc/ilp32/crtbegin.o
 .riscv.attributes
                0x00000000       0x2f T:/Downloads/xpack-riscv-none-elf-gcc-14.2.0-3-win32-x64/xpack-riscv-none-elf-gcc-14.2.0-3/bin/../lib/gcc/riscv-none-elf/14.2.0/rv32imc/ilp32/crtbegin.o
 .text          0x00000000        0x0 CMakeFiles/mik_build.dir/src/main.c.obj
 .data          0x00000000        0x0 CMakeFiles/mik_build.dir/src/main.c.obj
 .bss           0x00000000        0x0 CMakeFiles/mik_build.dir/src/main.c.obj
 .text          0x00000000        0x0 CMakeFiles/mik_build.dir/mik32_hal_main/core/Source/mik32_hal_scr1_timer.c.obj
 .data          0x00000000        0x0 CMakeFiles/mik_build.dir/mik32_hal_main/core/Source/mik32_hal_scr1_timer.c.obj
[...]
Memory Configuration

Name             Origin             Length             Attributes
spifi            0x80000000         0x80000000         xr
ram              0x02000000         0x00004000         xrw
*default*        0x00000000         0xffffffff

Linker script and memory map

LOAD T:/Downloads/xpack-riscv-none-elf-gcc-14.2.0-3-win32-x64/xpack-riscv-none-elf-gcc-14.2.0-3/bin/../lib/gcc/riscv-none-elf/14.2.0/../../../../riscv-none-elf/lib/crt0.o
LOAD T:/Downloads/xpack-riscv-none-elf-gcc-14.2.0-3-win32-x64/xpack-riscv-none-elf-gcc-14.2.0-3/bin/../lib/gcc/riscv-none-elf/14.2.0/rv32imc/ilp32/crtbegin.o
START GROUP
LOAD T:/Downloads/xpack-riscv-none-elf-gcc-14.2.0-3-win32-x64/xpack-riscv-none-elf-gcc-14.2.0-3/bin/../lib/gcc/riscv-none-elf/14.2.0/../../../../riscv-none-elf/lib/rv32imc/ilp32\libc_nano.a
LOAD T:/Downloads/xpack-riscv-none-elf-gcc-14.2.0-3-win32-x64/xpack-riscv-none-elf-gcc-14.2.0-3/bin/../lib/gcc/riscv-none-elf/14.2.0/../../../../riscv-none-elf/lib/rv32imc/ilp32\libm_nano.a
LOAD T:/Downloads/xpack-riscv-none-elf-gcc-14.2.0-3-win32-x64/xpack-riscv-none-elf-gcc-14.2.0-3/bin/../lib/gcc/riscv-none-elf/14.2.0/../../../../riscv-none-elf/lib/rv32imc/ilp32\libstdc++_nano.a
LOAD T:/Downloads/xpack-riscv-none-elf-gcc-14.2.0-3-win32-x64/xpack-riscv-none-elf-gcc-14.2.0-3/bin/../lib/gcc/riscv-none-elf/14.2.0/../../../../riscv-none-elf/lib/rv32imc/ilp32\libsupc++_nano.a
END GROUP
LOAD CMakeFiles/mik_build.dir/src/main.c.obj
LOAD CMakeFiles/mik_build.dir/mik32_hal_main/core/Source/mik32_hal_scr1_timer.c.obj
LOAD CMakeFiles/mik_build.dir/mik32_hal_main/peripherals/Source/mik32_hal.c.obj
LOAD CMakeFiles/mik_build.dir/mik32_hal_main/peripherals/Source/mik32_hal_adc.c.obj
LOAD CMakeFiles/mik_build.dir/mik32_hal_main/peripherals/Source/mik32_hal_crc32.c.obj
LOAD CMakeFiles/mik_build.dir/mik32_hal_main/peripherals/Source/mik32_hal_crypto.c.obj
LOAD CMakeFiles/mik_build.dir/mik32_hal_main/peripherals/Source/mik32_hal_dac.c.obj
LOAD CMakeFiles/mik_build.dir/mik32_hal_main/peripherals/Source/mik32_hal_dma.c.obj
LOAD CMakeFiles/mik_build.dir/mik32_hal_main/peripherals/Source/mik32_hal_eeprom.c.obj
LOAD CMakeFiles/mik_build.dir/mik32_hal_main/peripherals/Source/mik32_hal_gpio.c.obj
LOAD CMakeFiles/mik_build.dir/mik32_hal_main/peripherals/Source/mik32_hal_i2c.c.obj
LOAD CMakeFiles/mik_build.dir/mik32_hal_main/peripherals/Source/mik32_hal_irq.c.obj
LOAD CMakeFiles/mik_build.dir/mik32_hal_main/peripherals/Source/mik32_hal_otp.c.obj
LOAD CMakeFiles/mik_build.dir/mik32_hal_main/peripherals/Source/mik32_hal_pcc.c.obj
LOAD CMakeFiles/mik_build.dir/mik32_hal_main/peripherals/Source/mik32_hal_rtc.c.obj
LOAD CMakeFiles/mik_build.dir/mik32_hal_main/peripherals/Source/mik32_hal_spi.c.obj
LOAD CMakeFiles/mik_build.dir/mik32_hal_main/peripherals/Source/mik32_hal_spifi.c.obj
LOAD CMakeFiles/mik_build.dir/mik32_hal_main/peripherals/Source/mik32_hal_timer16.c.obj
LOAD CMakeFiles/mik_build.dir/mik32_hal_main/peripherals/Source/mik32_hal_timer32.c.obj
LOAD CMakeFiles/mik_build.dir/mik32_hal_main/peripherals/Source/mik32_hal_tsens.c.obj
LOAD CMakeFiles/mik_build.dir/mik32_hal_main/peripherals/Source/mik32_hal_usart.c.obj
LOAD CMakeFiles/mik_build.dir/mik32_hal_main/peripherals/Source/mik32_hal_wdt.c.obj
LOAD CMakeFiles/mik_build.dir/mik32_hal_main/utilities/Source/mik32_hal_spifi_psram.c.obj
LOAD CMakeFiles/mik_build.dir/mik32_hal_main/utilities/Source/mik32_hal_spifi_w25.c.obj
LOAD CMakeFiles/mik_build.dir/mik32_hal_main/utilities/Source/mik32_hal_ssd1306.c.obj
LOAD CMakeFiles/mik_build.dir/shared/libs/dma_lib.c.obj
LOAD CMakeFiles/mik_build.dir/shared/libs/rtc_lib.c.obj
LOAD CMakeFiles/mik_build.dir/shared/libs/spi_lib.c.obj
LOAD CMakeFiles/mik_build.dir/shared/libs/uart_lib.c.obj
LOAD CMakeFiles/mik_build.dir/shared/libs/xprintf.c.obj
LOAD T:/Downloads/xpack-riscv-none-elf-gcc-14.2.0-3-win32-x64/xpack-riscv-none-elf-gcc-14.2.0-3/bin/../lib/gcc/riscv-none-elf/14.2.0/rv32imc/ilp32\libgcc.a
LOAD T:/Downloads/xpack-riscv-none-elf-gcc-14.2.0-3-win32-x64/xpack-riscv-none-elf-gcc-14.2.0-3/bin/../lib/gcc/riscv-none-elf/14.2.0/../../../../riscv-none-elf/lib/rv32imc/ilp32\libc_nano.a
LOAD T:/Downloads/xpack-riscv-none-elf-gcc-14.2.0-3-win32-x64/xpack-riscv-none-elf-gcc-14.2.0-3/bin/../lib/gcc/riscv-none-elf/14.2.0/rv32imc/ilp32\libgcc.a
START GROUP
LOAD T:/Downloads/xpack-riscv-none-elf-gcc-14.2.0-3-win32-x64/xpack-riscv-none-elf-gcc-14.2.0-3/bin/../lib/gcc/riscv-none-elf/14.2.0/rv32imc/ilp32\libgcc.a
LOAD T:/Downloads/xpack-riscv-none-elf-gcc-14.2.0-3-win32-x64/xpack-riscv-none-elf-gcc-14.2.0-3/bin/../lib/gcc/riscv-none-elf/14.2.0/../../../../riscv-none-elf/lib/rv32imc/ilp32\libc_nano.a
LOAD T:/Downloads/xpack-riscv-none-elf-gcc-14.2.0-3-win32-x64/xpack-riscv-none-elf-gcc-14.2.0-3/bin/../lib/gcc/riscv-none-elf/14.2.0/../../../../riscv-none-elf/lib/rv32imc/ilp32\libgloss_nano.a
END GROUP
LOAD T:/Downloads/xpack-riscv-none-elf-gcc-14.2.0-3-win32-x64/xpack-riscv-none-elf-gcc-14.2.0-3/bin/../lib/gcc/riscv-none-elf/14.2.0/rv32imc/ilp32/crtend.o
                0x00000400                        __stack_size = DEFINED (__stack_size)?__stack_size:0x400
                0x00000004                        SECTION_ALIGNMENT = 0x4

.startup        0x80000000       0xb8
 *crt0.o(.text .text.*)
 .text          0x80000000       0xb8 T:/Downloads/xpack-riscv-none-elf-gcc-14.2.0-3-win32-x64/xpack-riscv-none-elf-gcc-14.2.0-3/bin/../lib/gcc/riscv-none-elf/14.2.0/../../../../riscv-none-elf/lib/crt0.o
                0x80000000                _start
                0x800000b6                SystemInit
                0x800000b6                SmallSystemInit

.ram_text       0x02000000      0x1f0 load address 0x800000b8
                0x02000000                        PROVIDE (__RAM_TEXT_START__ = .)
 *(.small_ram_text)
                0x020000c0                        . = (ORIGIN (REGION_RAM) + 0xc0)
 *fill*         0x02000000       0xc0 
                0x020000c0                        PROVIDE (__TRAP_TEXT_START__ = .)
 *crt0.o(.trap_text)
 .trap_text     0x020000c0       0x98 T:/Downloads/xpack-riscv-none-elf-gcc-14.2.0-3-win32-x64/xpack-riscv-none-elf-gcc-14.2.0-3/bin/../lib/gcc/riscv-none-elf/14.2.0/../../../../riscv-none-elf/lib/crt0.o
                0x020000c0                trap_entry
                0x020000c4                raw_trap_handler
                0x02000156                trap_handler
 *(.trap_text)
 *(.ram_text)
 .ram_text      0x02000158       0x98 CMakeFiles/mik_build.dir/mik32_hal_main/peripherals/Source/mik32_hal.c.obj
                0x02000158                HAL_ProgramDelayMs
                0x020001a6                HAL_ProgramDelayUs
                0x020001f0                        . = ALIGN (0x4)
                [!provide]                        PROVIDE (__RAM_TEXT_END__ = .)
                0x800000b8                        __RAM_TEXT_IMAGE_START__ = LOADADDR (.ram_text)
                0x800002a8                        __RAM_TEXT_IMAGE_END__ = (LOADADDR (.ram_text) + SIZEOF (.ram_text))
                0x00000001                        ASSERT ((__RAM_TEXT_IMAGE_END__ < (ORIGIN (REGION_TEXT) + LENGTH (REGION_TEXT))), REGION_TEXT segment overflows)

.text           0x800002a8      0x458
                [!provide]                        PROVIDE (__TEXT_START__ = .)
 *(.text.SmallSystemInit)
 *(.text)
 .text          0x800002a8       0x10 T:/Downloads/xpack-riscv-none-elf-gcc-14.2.0-3-win32-x64/xpack-riscv-none-elf-gcc-14.2.0-3/bin/../lib/gcc/riscv-none-elf/14.2.0/../../../../riscv-none-elf/lib/rv32imc/ilp32\libc_nano.a(libc_a-memset.o)
                0x800002a8                memset
 *(.text.*)
 .text.SystemClock_Config
                0x800002b8       0x32 CMakeFiles/mik_build.dir/src/main.c.obj
                0x800002b8                SystemClock_Config
 .text.GPIO_Init
                0x800002ea       0x34 CMakeFiles/mik_build.dir/src/main.c.obj
                0x800002ea                GPIO_Init
 .text.startup.main
                0x8000031e       0x24 CMakeFiles/mik_build.dir/src/main.c.obj
                0x8000031e                main
 .text.HAL_DelayMs
                0x80000342        0x8 CMakeFiles/mik_build.dir/mik32_hal_main/peripherals/Source/mik32_hal.c.obj
                0x80000342                HAL_DelayMs
 .text.HAL_GPIO_Init
                0x8000034a      0x102 CMakeFiles/mik_build.dir/mik32_hal_main/peripherals/Source/mik32_hal_gpio.c.obj
                0x8000034a                HAL_GPIO_Init
 .text.HAL_GPIO_TogglePin
                0x8000044c        0x8 CMakeFiles/mik_build.dir/mik32_hal_main/peripherals/Source/mik32_hal_gpio.c.obj
                0x8000044c                HAL_GPIO_TogglePin
 .text.HAL_PCC_FreqMonRefSet
                0x80000454       0x78 CMakeFiles/mik_build.dir/mik32_hal_main/peripherals/Source/mik32_hal_pcc.c.obj
                0x80000454                HAL_PCC_FreqMonRefSet
 .text.HAL_PCC_SetOscSystem
                0x800004cc       0x6e CMakeFiles/mik_build.dir/mik32_hal_main/peripherals/Source/mik32_hal_pcc.c.obj
                0x800004cc                HAL_PCC_SetOscSystem
 .text.HAL_PCC_RTCClock
                0x8000053a       0x80 CMakeFiles/mik_build.dir/mik32_hal_main/peripherals/Source/mik32_hal_pcc.c.obj
                0x8000053a                HAL_PCC_RTCClock
 .text.HAL_PCC_CPURTCClock
                0x800005ba       0x4a CMakeFiles/mik_build.dir/mik32_hal_main/peripherals/Source/mik32_hal_pcc.c.obj
                0x800005ba                HAL_PCC_CPURTCClock
 .text.HAL_PCC_Config
                0x80000604       0xde CMakeFiles/mik_build.dir/mik32_hal_main/peripherals/Source/mik32_hal_pcc.c.obj
                0x80000604                HAL_PCC_Config
 .text.HAL_PCC_GetSysClockFreq
                0x800006e2       0x1c CMakeFiles/mik_build.dir/mik32_hal_main/peripherals/Source/mik32_hal_pcc.c.obj
                0x800006e2                HAL_PCC_GetSysClockFreq
 *(.gnu.linkonce.t.*)
 *(.rodata)
 *(.rodata.*)
 *(.gnu.linkonce.r.*)
                0x80000700                        . = ALIGN (0x4)
 *fill*         0x800006fe        0x2 
                [!provide]                        PROVIDE (__TEXT_END__ = .)

.rela.dyn       0x80000700        0x0
 .rela.text     0x80000700        0x0 T:/Downloads/xpack-riscv-none-elf-gcc-14.2.0-3-win32-x64/xpack-riscv-none-elf-gcc-14.2.0-3/bin/../lib/gcc/riscv-none-elf/14.2.0/../../../../riscv-none-elf/lib/crt0.o
 .rela.trap_text
                0x80000700        0x0 T:/Downloads/xpack-riscv-none-elf-gcc-14.2.0-3-win32-x64/xpack-riscv-none-elf-gcc-14.2.0-3/bin/../lib/gcc/riscv-none-elf/14.2.0/../../../../riscv-none-elf/lib/crt0.o

.tdata          0x020001f0        0x0 load address 0x80000700
                [!provide]                        PROVIDE (_tls_data = .)
                [!provide]                        PROVIDE (_tdata_start = .)
 *(.tdata .tdata.*)
 *(.gnu.linkonce.td.*)
                0x020001f0                        . = ALIGN (0x4)
                [!provide]                        PROVIDE (_tdata_end = .)

.tbss           0x020001f0        0x0 load address 0x80000700
                [!provide]                        PROVIDE (_tbss_start = .)
 *(.tbss .tbss.*)
 *(.gnu.linkonce.tb.*)
                0x020001f0                        . = ALIGN (0x4)
                [!provide]                        PROVIDE (_tbss_end = .)
                0x80000700                        __TDATA_IMAGE_START__ = LOADADDR (.tdata)
                0x80000700                        __TDATA_IMAGE_END__ = (LOADADDR (.tdata) + SIZEOF (.tdata))

.data           0x020001f0        0x0 load address 0x80000700
                0x020001f0                        PROVIDE (__DATA_START__ = .)
 *(.data .data.*)
 *(.gnu.linkonce.d.*)
                0x020001f0                        . = ALIGN (0x4)
                [!provide]                        PROVIDE (__DATA_END__ = .)

.sdata          0x020001f0        0x0 load address 0x80000700
                0x020001f0                        PROVIDE (__SDATA_START__ = .)
 *(.sdata .sdata.* .sdata2.* .gnu.linkonce.s.*)

.srodata        0x020001f0        0x0 load address 0x80000700
                [!provide]                        PROVIDE (__SRODATA_START__ = .)
 *(.srodata.cst16)
 *(.srodata.cst8)
 *(.srodata.cst4)
 *(.srodata.cst2)
 *(.srodata*)
                0x80000700                        __DATA_IMAGE_START__ = LOADADDR (.data)
                0x80000700                        __DATA_IMAGE_END__ = (LOADADDR (.srodata) + SIZEOF (.srodata))

.sbss           0x020001f0        0x0 load address 0x80000700
                0x020001f0                        PROVIDE (__SBSS_START__ = .)
 *(.sbss .sbss.*)
 *(.gnu.linkonce.sb.*)
 *(.scommon)
                0x020001f0                        . = ALIGN (0x4)
                [!provide]                        PROVIDE (__SBSS_END__ = .)

.bss            0x020001f0        0x0 load address 0x80000700
                [!provide]                        PROVIDE (__BSS_START__ = .)
 *(.bss .bss.*)
 *(.gnu.linkonce.b.*)
 *(COMMON)
                0x020001f0                        . = ALIGN (0x4)
                0x020001f0                        PROVIDE (__BSS_END__ = .)
                0x020009d0                        __global_pointer$ = MIN ((__SDATA_START__ + 0x7e0), MAX ((__DATA_START__ + 0x7e0), (__BSS_END__ - 0x7e0)))
                0x00000001                        ASSERT ((__BSS_END__ < ((ORIGIN (REGION_RAM) + LENGTH (REGION_RAM)) - __stack_size)), REGION_RAM section overflows)
                [!provide]                        PROVIDE (_end = .)
                [!provide]                        PROVIDE (__end = .)
                [!provide]                        PROVIDE (end = .)

.stack          0x02003c00      0x400
                0x02003c00                        . = ALIGN (0x10)
                [!provide]                        PROVIDE (_heap_end = .)
                [!provide]                        PROVIDE (__STACK_START__ = .)
                0x00000400                        . = __stack_size
 *fill*         0x02003c00      0x400 
                0x02004000                        PROVIDE (__C_STACK_TOP__ = .)
                [!provide]                        PROVIDE (__STACK_END__ = .)

/DISCARD/
 *(.eh_frame .eh_frame.*)
OUTPUT(mik_build.elf elf32-littleriscv)

.riscv.attributes
                0x00000000       0x48
 .riscv.attributes
                0x00000000       0x46 T:/Downloads/xpack-riscv-none-elf-gcc-14.2.0-3-win32-x64/xpack-riscv-none-elf-gcc-14.2.0-3/bin/../lib/gcc/riscv-none-elf/14.2.0/../../../../riscv-none-elf/lib/crt0.o
 .riscv.attributes
                0x00000046       0x44 CMakeFiles/mik_build.dir/src/main.c.obj
 .riscv.attributes
                0x0000008a       0x44 CMakeFiles/mik_build.dir/mik32_hal_main/peripherals/Source/mik32_hal.c.obj
 .riscv.attributes
                0x000000ce       0x44 CMakeFiles/mik_build.dir/mik32_hal_main/peripherals/Source/mik32_hal_gpio.c.obj
 .riscv.attributes
                0x00000112       0x44 CMakeFiles/mik_build.dir/mik32_hal_main/peripherals/Source/mik32_hal_pcc.c.obj
 .riscv.attributes
                0x00000156       0x2d T:/Downloads/xpack-riscv-none-elf-gcc-14.2.0-3-win32-x64/xpack-riscv-none-elf-gcc-14.2.0-3/bin/../lib/gcc/riscv-none-elf/14.2.0/../../../../riscv-none-elf/lib/rv32imc/ilp32\libc_nano.a(libc_a-memset.o)

.comment        0x00000000       0x33
 .comment       0x00000000       0x33 CMakeFiles/mik_build.dir/src/main.c.obj
                                 0x34 (size before relaxing)
 .comment       0x00000033       0x34 CMakeFiles/mik_build.dir/mik32_hal_main/peripherals/Source/mik32_hal.c.obj
 .comment       0x00000033       0x34 CMakeFiles/mik_build.dir/mik32_hal_main/peripherals/Source/mik32_hal_gpio.c.obj
 .comment       0x00000033       0x34 CMakeFiles/mik_build.dir/mik32_hal_main/peripherals/Source/mik32_hal_pcc.c.obj

.note.GNU-stack
                0x00000000        0x0
 .note.GNU-stack
                0x00000000        0x0 CMakeFiles/mik_build.dir/src/main.c.obj
 .note.GNU-stack
                0x00000000        0x0 CMakeFiles/mik_build.dir/mik32_hal_main/peripherals/Source/mik32_hal.c.obj
 .note.GNU-stack
                0x00000000        0x0 CMakeFiles/mik_build.dir/mik32_hal_main/peripherals/Source/mik32_hal_gpio.c.obj
 .note.GNU-stack
                0x00000000        0x0 CMakeFiles/mik_build.dir/mik32_hal_main/peripherals/Source/mik32_hal_pcc.c.obj
